
Utilization Design Information:
-------------------
Target Device    : xc7a200t
Target Package   : fbg676
Target Speed     : -2
Command Options  : -file data_ram_display_utilization_placed.rpt

Slice Logic
+-------------------------+---------+----------+--------------+----------+
|Site Type                |     Used|     Loced|     Available|     Util%|
+-------------------------+---------+----------+--------------+----------+
|Slice LUTs               |     2555|         0|        133800|      1.90|
|  LUT as Logic           |     2555|         0|        133800|      1.90|
|  LUT as Memory          |        0|         0|         46200|      0.00|
|Slice Registers          |     1439|         0|        267600|      0.53|
|  Register as Flip Flop  |     1439|         0|        267600|      0.53|
|  Register as Latch      |        0|         0|        267600|      0.00|
|F7 Muxes                 |      263|         0|         66900|      0.39|
|F8 Muxes                 |       69|         0|         33450|      0.20|
+-------------------------+---------+----------+--------------+----------+
                                                                          

Slice Logic Distribution
+-------------------------------------------------------------+-----------+----------+--------------+----------+
|Site Type                                                    |       Used|     Loced|     Available|     Util%|
+-------------------------------------------------------------+-----------+----------+--------------+----------+
|Slice                                                        |        785|         0|         33450|      2.34|
|LUT as Logic                                                 |       2555|         0|        133800|      1.90|
|  using O5 output only                                       |          0|          |              |          |
|  using O6 output only                                       |       2552|          |              |          |
|  using O5 and O6                                            |          3|          |              |          |
|LUT as Memory                                                |          0|         0|         46200|      0.00|
|  LUT as Distributed RAM                                     |          0|         0|              |          |
|  LUT as Shift Register                                      |          0|         0|              |          |
|LUT Flip Flop Pairs                                          |       2587|         0|        133800|      1.93|
|  fully used LUT-FF pairs                                    |       1400|          |              |          |
|  LUT-FF pairs with unused LUT                               |         32|          |              |          |
|  LUT-FF pairs with unused Flip Flop                         |       1155|          |              |          |
|Unique Control Sets                                          |         23|          |              |          |
|Minimum number of registers lost to control set restriction  |  105(Lost)|          |              |          |
+-------------------------------------------------------------+-----------+----------+--------------+----------+
                                                                                                                

Memory
+-----------------+---------+----------+--------------+----------+
|Site Type        |     Used|     Loced|     Available|     Util%|
+-----------------+---------+----------+--------------+----------+
|RAMB36/FIFO36    |        1|         0|           365|      0.27|
|  RAMB36E1 only  |        1|          |              |          |
|RAMB18/FIFO18    |        0|         0|           730|      0.00|
+-----------------+---------+----------+--------------+----------+
                                                                  

DSP
+--------------+---------+----------+--------------+----------+
|Site Type     |     Used|     Loced|     Available|     Util%|
+--------------+---------+----------+--------------+----------+
|DSPs          |        0|         0|           740|      0.00|
+--------------+---------+----------+--------------+----------+
                                                               

IO and GTX Specific
+------------------------------+---------+----------+--------------+----------+
|Site Type                     |     Used|     Loced|     Available|     Util%|
+------------------------------+---------+----------+--------------+----------+
|Bonded IOB                    |       41|        41|           400|     10.25|
|  IOB Master Pads             |       17|          |              |          |
|  IOB Slave Pads              |       23|          |              |          |
|Bonded IPADs                  |        0|         0|            26|      0.00|
|Bonded OPADs                  |        0|         0|            16|      0.00|
|IBUFGDS                       |        0|         0|           384|      0.00|
|IDELAYCTRL                    |        0|         0|            10|      0.00|
|IN_FIFO                       |        0|         0|            40|      0.00|
|OUT_FIFO                      |        0|         0|            40|      0.00|
|PHASER_REF                    |        0|         0|            10|      0.00|
|PHY_CONTROL                   |        0|         0|            10|      0.00|
|PHASER_OUT/PHASER_OUT_PHY     |        0|         0|            40|      0.00|
|PHASER_IN/PHASER_IN_PHY       |        0|         0|            40|      0.00|
|IDELAYE2/IDELAYE2_FINEDELAY   |        0|         0|           500|      0.00|
|ODELAYE2/ODELAYE2_FINEDELAY   |        0|         0|             0|      0.00|
|IBUFDS_GTE2                   |        0|         0|             8|      0.00|
|ILOGICE2/ILOGICE3/ISERDESE2s  |        0|         0|           400|      0.00|
|OLOGICE2/OLOGICE3/OSERDESE2s  |        0|         0|           400|      0.00|
+------------------------------+---------+----------+--------------+----------+
                                                                               

Clocking
+--------------+---------+----------+--------------+----------+
|Site Type     |     Used|     Loced|     Available|     Util%|
+--------------+---------+----------+--------------+----------+
|BUFGCTRL      |        2|         0|            32|      6.25|
|MMCME2_ADV    |        0|         0|            10|      0.00|
|PLLE2_ADV     |        0|         0|            10|      0.00|
|BUFMRCE       |        0|         0|            20|      0.00|
|BUFHCE        |        0|         0|           120|      0.00|
|BUFR          |        0|         0|            40|      0.00|
+--------------+---------+----------+--------------+----------+
                                                               

Specific Feature
+--------------+---------+----------+--------------+----------+
|Site Type     |     Used|     Loced|     Available|     Util%|
+--------------+---------+----------+--------------+----------+
|BSCANE2       |        0|         0|             4|      0.00|
|CAPTUREE2     |        0|         0|             1|      0.00|
|DNA_PORT      |        0|         0|             1|      0.00|
|EFUSE_USR     |        0|         0|             1|      0.00|
|FRAME_ECCE2   |        0|         0|             1|      0.00|
|ICAPE2        |        0|         0|             2|      0.00|
|PCIE_2_1      |        0|         0|             1|      0.00|
|STARTUPE2     |        0|         0|             1|      0.00|
|XADC          |        0|         0|             1|      0.00|
+--------------+---------+----------+--------------+----------+
                                                               

Primitives
+-------------+---------+
|Ref Name     |     Used|
+-------------+---------+
|LUT3         |     1113|
|FDCE         |     1093|
|LUT6         |     1059|
|FDRE         |      345|
|MUXF7        |      263|
|LUT4         |      150|
|LUT5         |      136|
|LUT2         |       81|
|MUXF8        |       69|
|OBUF         |       31|
|LUT1         |       19|
|IBUF         |       10|
|CARRY4       |        6|
|OBUFT        |        2|
|BUFG         |        2|
|RAMB36E1     |        1|
|FDSE         |        1|
+-------------+---------+
                         

Black Boxes
+-------------+---------+
|Ref Name     |     Used|
+-------------+---------+
                         

Instantiated Netlists
+-------------+---------+
|Ref Name     |     Used|
+-------------+---------+
                         

