
Utilization Design Information:
-------------------
Target Device    : xc7a200t
Target Package   : fbg676
Target Speed     : -2
Command Options  : -file inst_rom_display_utilization_synth.rpt

Slice Logic
+-------------------------+---------+----------+--------------+----------+
|Site Type                |     Used|     Loced|     Available|     Util%|
+-------------------------+---------+----------+--------------+----------+
|Slice LUTs*              |      802|         0|        134600|      0.59|
|  LUT as Logic           |      802|         0|        134600|      0.59|
|  LUT as Memory          |        0|         0|         46200|      0.00|
|Slice Registers          |      345|         0|        269200|      0.12|
|  Register as Flip Flop  |      345|         0|        269200|      0.12|
|  Register as Latch      |        0|         0|        269200|      0.00|
|F7 Muxes                 |        7|         0|         67300|      0.01|
|F8 Muxes                 |        1|         0|         33650|      0.01|
+-------------------------+---------+----------+--------------+----------+
*The Final LUT count, after physical optimizations and full implementation, is typically lower.

Memory
+-----------------+---------+----------+--------------+----------+
|Site Type        |     Used|     Loced|     Available|     Util%|
+-----------------+---------+----------+--------------+----------+
|RAMB36/FIFO36    |        1|         0|           365|      0.27|
|  RAMB36E1 only  |        1|          |              |          |
|RAMB18/FIFO18    |        0|         0|           730|      0.00|
+-----------------+---------+----------+--------------+----------+
                                                                  

DSP
+--------------+---------+----------+--------------+----------+
|Site Type     |     Used|     Loced|     Available|     Util%|
+--------------+---------+----------+--------------+----------+
|DSPs          |        0|         0|           740|      0.00|
+--------------+---------+----------+--------------+----------+
                                                               

IO and GTX Specific
+------------------------------+---------+----------+--------------+----------+
|Site Type                     |     Used|     Loced|     Available|     Util%|
+------------------------------+---------+----------+--------------+----------+
|Bonded IOB                    |       28|         0|           400|      7.00|
|Bonded IPADs                  |        0|         0|            26|      0.00|
|Bonded OPADs                  |        0|         0|            16|      0.00|
|IBUFGDS                       |        0|         0|           384|      0.00|
|IDELAYCTRL                    |        0|         0|            10|      0.00|
|IN_FIFO                       |        0|         0|            40|      0.00|
|OUT_FIFO                      |        0|         0|            40|      0.00|
|PHASER_REF                    |        0|         0|            10|      0.00|
|PHY_CONTROL                   |        0|         0|            10|      0.00|
|PHASER_OUT/PHASER_OUT_PHY     |        0|         0|            40|      0.00|
|PHASER_IN/PHASER_IN_PHY       |        0|         0|            40|      0.00|
|IDELAYE2/IDELAYE2_FINEDELAY   |        0|         0|           500|      0.00|
|ODELAYE2/ODELAYE2_FINEDELAY   |        0|         0|             0|      0.00|
|IBUFDS_GTE2                   |        0|         0|             8|      0.00|
|ILOGICE2/ILOGICE3/ISERDESE2s  |        0|         0|           400|      0.00|
|OLOGICE2/OLOGICE3/OSERDESE2s  |        0|         0|           400|      0.00|
+------------------------------+---------+----------+--------------+----------+
                                                                               

Clocking
+--------------+---------+----------+--------------+----------+
|Site Type     |     Used|     Loced|     Available|     Util%|
+--------------+---------+----------+--------------+----------+
|BUFGCTRL      |        3|         0|            32|      9.37|
|MMCME2_ADV    |        0|         0|            10|      0.00|
|PLLE2_ADV     |        0|         0|            10|      0.00|
|BUFMRCE       |        0|         0|            20|      0.00|
|BUFHCE        |        0|         0|           120|      0.00|
|BUFR          |        0|         0|            40|      0.00|
+--------------+---------+----------+--------------+----------+
                                                               

Specific Feature
+--------------+---------+----------+--------------+----------+
|Site Type     |     Used|     Loced|     Available|     Util%|
+--------------+---------+----------+--------------+----------+
|BSCANE2       |        0|         0|             4|      0.00|
|CAPTUREE2     |        0|         0|             1|      0.00|
|DNA_PORT      |        0|         0|             1|      0.00|
|EFUSE_USR     |        0|         0|             1|      0.00|
|FRAME_ECCE2   |        0|         0|             1|      0.00|
|ICAPE2        |        0|         0|             2|      0.00|
|PCIE_2_1      |        0|         0|             1|      0.00|
|STARTUPE2     |        0|         0|             1|      0.00|
|XADC          |        0|         0|             1|      0.00|
+--------------+---------+----------+--------------+----------+
                                                               

Primitives
+-------------+---------+
|Ref Name     |     Used|
+-------------+---------+
|FDRE         |      307|
|LUT6         |      295|
|LUT4         |      156|
|LUT5         |      136|
|LUT3         |      101|
|LUT2         |       75|
|LUT1         |       39|
|FDCE         |       37|
|OBUF         |       24|
|MUXF7        |        7|
|CARRY4       |        6|
|IBUF         |        4|
|BUFG         |        3|
|OBUFT        |        2|
|RAMB36E1     |        1|
|MUXF8        |        1|
|FDSE         |        1|
+-------------+---------+
                         

Black Boxes
+-------------+---------+
|Ref Name     |     Used|
+-------------+---------+
                         

Instantiated Netlists
+-------------+---------+
|Ref Name     |     Used|
+-------------+---------+
|lcd_module   |        1|
+-------------+---------+
                         

